mode: set
github.com/DarkAbhi/life-backend/cmd/main.go:17.13,28.9 7 0
github.com/DarkAbhi/life-backend/cmd/main.go:29.20,31.17 2 0
github.com/DarkAbhi/life-backend/cmd/main.go:31.17,33.4 1 0
github.com/DarkAbhi/life-backend/cmd/main.go:34.3,34.49 1 0
github.com/DarkAbhi/life-backend/cmd/main.go:34.49,36.4 1 0
github.com/DarkAbhi/life-backend/cmd/main.go:37.3,38.13 2 0
github.com/DarkAbhi/life-backend/cmd/main.go:40.18,41.44 1 0
github.com/DarkAbhi/life-backend/cmd/main.go:41.44,43.4 1 0
github.com/DarkAbhi/life-backend/cmd/main.go:44.3,45.13 2 0
github.com/DarkAbhi/life-backend/cmd/main.go:47.17,48.48 1 0
github.com/DarkAbhi/life-backend/cmd/main.go:48.48,50.4 1 0
github.com/DarkAbhi/life-backend/cmd/main.go:51.3,52.13 2 0
github.com/DarkAbhi/life-backend/cmd/main.go:54.20,55.51 1 0
github.com/DarkAbhi/life-backend/cmd/main.go:55.51,57.4 1 0
github.com/DarkAbhi/life-backend/cmd/main.go:59.3,59.13 1 0
github.com/DarkAbhi/life-backend/cmd/main.go:63.2,66.16 3 0
github.com/DarkAbhi/life-backend/cmd/main.go:66.16,68.3 1 0
github.com/DarkAbhi/life-backend/cmd/main.go:70.2,79.45 6 0
github.com/DarkAbhi/life-backend/internal/db/migrations.go:14.24,22.2 7 0
github.com/DarkAbhi/life-backend/internal/db/migrations.go:24.39,27.16 2 0
github.com/DarkAbhi/life-backend/internal/db/migrations.go:27.16,29.3 1 0
github.com/DarkAbhi/life-backend/internal/db/migrations.go:31.2,31.32 1 0
github.com/DarkAbhi/life-backend/internal/db/migrations.go:31.32,33.3 1 0
github.com/DarkAbhi/life-backend/internal/db/migrations.go:34.2,35.27 2 0
github.com/DarkAbhi/life-backend/internal/db/migrations.go:38.28,40.16 2 0
github.com/DarkAbhi/life-backend/internal/db/migrations.go:40.16,42.3 1 0
github.com/DarkAbhi/life-backend/internal/db/migrations.go:43.2,45.16 3 0
github.com/DarkAbhi/life-backend/internal/db/migrations.go:45.16,47.3 1 0
github.com/DarkAbhi/life-backend/internal/db/migrations.go:48.2,49.61 2 0
github.com/DarkAbhi/life-backend/internal/db/migrations.go:49.61,51.3 1 0
github.com/DarkAbhi/life-backend/internal/db/migrations.go:52.2,53.12 2 0
github.com/DarkAbhi/life-backend/internal/db/migrations.go:56.32,58.16 2 0
github.com/DarkAbhi/life-backend/internal/db/migrations.go:58.16,60.3 1 0
github.com/DarkAbhi/life-backend/internal/db/migrations.go:61.2,63.16 3 0
github.com/DarkAbhi/life-backend/internal/db/migrations.go:63.16,65.3 1 0
github.com/DarkAbhi/life-backend/internal/db/migrations.go:66.2,67.36 2 0
github.com/DarkAbhi/life-backend/internal/db/migrations.go:67.36,69.3 1 0
github.com/DarkAbhi/life-backend/internal/db/migrations.go:70.2,71.12 2 0
github.com/DarkAbhi/life-backend/internal/db/migrations.go:74.35,76.16 2 0
github.com/DarkAbhi/life-backend/internal/db/migrations.go:76.16,78.3 1 0
github.com/DarkAbhi/life-backend/internal/db/migrations.go:79.2,81.16 3 0
github.com/DarkAbhi/life-backend/internal/db/migrations.go:81.16,83.3 1 0
github.com/DarkAbhi/life-backend/internal/db/migrations.go:84.2,86.34 3 0
github.com/DarkAbhi/life-backend/internal/db/migrations.go:86.34,89.3 2 0
github.com/DarkAbhi/life-backend/internal/db/migrations.go:90.2,90.16 1 0
github.com/DarkAbhi/life-backend/internal/db/migrations.go:90.16,92.3 1 0
github.com/DarkAbhi/life-backend/internal/db/migrations.go:93.2,94.12 2 0
github.com/DarkAbhi/life-backend/internal/db/migrations.go:97.37,99.16 2 0
github.com/DarkAbhi/life-backend/internal/db/migrations.go:99.16,101.3 1 0
github.com/DarkAbhi/life-backend/internal/db/migrations.go:102.2,104.16 3 0
github.com/DarkAbhi/life-backend/internal/db/migrations.go:104.16,106.3 1 0
github.com/DarkAbhi/life-backend/internal/db/migrations.go:107.2,108.35 2 0
github.com/DarkAbhi/life-backend/internal/db/migrations.go:108.35,110.3 1 0
github.com/DarkAbhi/life-backend/internal/db/migrations.go:111.2,112.12 2 0
github.com/DarkAbhi/life-backend/internal/db/migrations.go:115.35,116.32 1 0
github.com/DarkAbhi/life-backend/internal/db/migrations.go:116.32,118.3 1 0
github.com/DarkAbhi/life-backend/internal/db/migrations.go:119.2,119.12 1 0
github.com/DarkAbhi/life-backend/internal/db/migrations.go:122.40,124.2 1 0
github.com/DarkAbhi/life-backend/internal/db/postgres.go:15.26,27.16 8 0
github.com/DarkAbhi/life-backend/internal/db/postgres.go:27.16,29.3 1 0
github.com/DarkAbhi/life-backend/internal/db/postgres.go:32.2,37.34 4 0
github.com/DarkAbhi/life-backend/internal/db/postgres.go:37.34,39.3 1 0
github.com/DarkAbhi/life-backend/internal/db/postgres.go:41.2,43.11 3 0
github.com/DarkAbhi/life-backend/internal/handlers/api.go:14.37,15.17 1 1
github.com/DarkAbhi/life-backend/internal/handlers/api.go:15.17,16.82 1 0
github.com/DarkAbhi/life-backend/internal/handlers/api.go:18.2,25.39 4 1
github.com/DarkAbhi/life-backend/internal/handlers/api.go:25.39,32.50 4 1
github.com/DarkAbhi/life-backend/internal/handlers/api.go:32.50,35.4 2 1
github.com/DarkAbhi/life-backend/internal/handlers/api.go:38.3,41.50 3 1
github.com/DarkAbhi/life-backend/internal/handlers/api.go:41.50,46.4 4 1
github.com/DarkAbhi/life-backend/internal/handlers/api.go:49.2,49.10 1 1
github.com/DarkAbhi/life-backend/internal/handlers/dates.go:6.55,11.2 4 0
github.com/DarkAbhi/life-backend/internal/handlers/handlers.go:17.72,26.9 5 0
github.com/DarkAbhi/life-backend/internal/handlers/handlers.go:27.18,29.9 2 0
github.com/DarkAbhi/life-backend/internal/handlers/handlers.go:30.37,32.17 2 0
github.com/DarkAbhi/life-backend/internal/handlers/handlers.go:32.17,35.4 2 0
github.com/DarkAbhi/life-backend/internal/handlers/handlers.go:36.3,37.9 2 0
github.com/DarkAbhi/life-backend/internal/handlers/handlers.go:38.10,40.9 2 0
github.com/DarkAbhi/life-backend/internal/handlers/handlers.go:47.75,56.9 5 0
github.com/DarkAbhi/life-backend/internal/handlers/handlers.go:57.18,59.9 2 0
github.com/DarkAbhi/life-backend/internal/handlers/handlers.go:60.37,62.17 2 0
github.com/DarkAbhi/life-backend/internal/handlers/handlers.go:62.17,65.4 2 0
github.com/DarkAbhi/life-backend/internal/handlers/handlers.go:66.3,67.9 2 0
github.com/DarkAbhi/life-backend/internal/handlers/handlers.go:68.10,70.9 2 0
github.com/DarkAbhi/life-backend/internal/handlers/handlers.go:82.70,84.62 2 0
github.com/DarkAbhi/life-backend/internal/handlers/handlers.go:84.62,87.3 2 0
github.com/DarkAbhi/life-backend/internal/handlers/handlers.go:88.2,88.20 1 0
github.com/DarkAbhi/life-backend/internal/handlers/handlers.go:89.42,91.17 2 0
github.com/DarkAbhi/life-backend/internal/handlers/handlers.go:91.17,94.4 2 0
github.com/DarkAbhi/life-backend/internal/handlers/handlers.go:95.3,95.76 1 0
github.com/DarkAbhi/life-backend/internal/handlers/handlers.go:96.10,97.52 1 0
github.com/DarkAbhi/life-backend/internal/handlers/handlers.go:130.48,132.2 1 0
github.com/DarkAbhi/life-backend/internal/handlers/handlers.go:134.73,136.62 2 0
github.com/DarkAbhi/life-backend/internal/handlers/handlers.go:136.62,139.3 2 0
github.com/DarkAbhi/life-backend/internal/handlers/handlers.go:140.2,140.63 1 0
github.com/DarkAbhi/life-backend/internal/handlers/handlers.go:140.63,143.3 2 0
github.com/DarkAbhi/life-backend/internal/handlers/handlers.go:144.2,145.45 2 0
github.com/DarkAbhi/life-backend/internal/handlers/handlers.go:145.45,148.3 2 0
github.com/DarkAbhi/life-backend/internal/handlers/handlers.go:149.2,150.16 2 0
github.com/DarkAbhi/life-backend/internal/handlers/handlers.go:150.16,153.3 2 0
github.com/DarkAbhi/life-backend/internal/handlers/handlers.go:155.2,156.25 2 0
github.com/DarkAbhi/life-backend/internal/handlers/handlers.go:156.25,158.18 1 0
github.com/DarkAbhi/life-backend/internal/handlers/handlers.go:158.18,161.4 2 0
github.com/DarkAbhi/life-backend/internal/handlers/handlers.go:162.3,164.17 3 0
github.com/DarkAbhi/life-backend/internal/handlers/handlers.go:164.17,165.37 1 0
github.com/DarkAbhi/life-backend/internal/handlers/handlers.go:165.37,168.5 2 0
github.com/DarkAbhi/life-backend/internal/handlers/handlers.go:169.4,170.10 2 0
github.com/DarkAbhi/life-backend/internal/handlers/handlers.go:172.3,172.18 1 0
github.com/DarkAbhi/life-backend/internal/handlers/handlers.go:175.2,185.52 6 0
github.com/DarkAbhi/life-backend/internal/handlers/handlers.go:185.52,188.3 2 0
github.com/DarkAbhi/life-backend/internal/handlers/handlers.go:190.2,195.4 1 0
github.com/DarkAbhi/life-backend/internal/handlers/handlers.go:198.72,206.16 3 0
github.com/DarkAbhi/life-backend/internal/handlers/handlers.go:206.16,209.3 2 0
github.com/DarkAbhi/life-backend/internal/handlers/handlers.go:210.2,219.18 4 0
github.com/DarkAbhi/life-backend/internal/handlers/handlers.go:219.18,224.62 5 0
github.com/DarkAbhi/life-backend/internal/handlers/handlers.go:224.62,227.4 2 0
github.com/DarkAbhi/life-backend/internal/handlers/handlers.go:228.3,233.5 1 0
github.com/DarkAbhi/life-backend/internal/handlers/handlers.go:235.2,235.35 1 0
github.com/DarkAbhi/life-backend/internal/handlers/handlers.go:235.35,238.3 2 0
github.com/DarkAbhi/life-backend/internal/handlers/handlers.go:239.2,239.34 1 0
github.com/DarkAbhi/life-backend/internal/handlers/handlers.go:245.68,248.16 3 0
github.com/DarkAbhi/life-backend/internal/handlers/handlers.go:248.16,251.3 2 0
github.com/DarkAbhi/life-backend/internal/handlers/handlers.go:252.2,259.18 4 0
github.com/DarkAbhi/life-backend/internal/handlers/handlers.go:259.18,261.51 2 0
github.com/DarkAbhi/life-backend/internal/handlers/handlers.go:261.51,264.4 2 0
github.com/DarkAbhi/life-backend/internal/handlers/handlers.go:265.3,265.23 1 0
github.com/DarkAbhi/life-backend/internal/handlers/handlers.go:267.2,267.35 1 0
github.com/DarkAbhi/life-backend/internal/handlers/handlers.go:267.35,270.3 2 0
github.com/DarkAbhi/life-backend/internal/handlers/handlers.go:271.2,271.34 1 0
github.com/DarkAbhi/life-backend/internal/handlers/handlers.go:286.68,289.30 3 0
github.com/DarkAbhi/life-backend/internal/handlers/handlers.go:289.30,292.6 2 0
github.com/DarkAbhi/life-backend/internal/handlers/handlers.go:293.5,293.20 1 0
github.com/DarkAbhi/life-backend/internal/handlers/handlers.go:296.69,298.62 2 0
github.com/DarkAbhi/life-backend/internal/handlers/handlers.go:298.62,301.6 2 0
github.com/DarkAbhi/life-backend/internal/handlers/handlers.go:302.5,302.39 1 0
github.com/DarkAbhi/life-backend/internal/handlers/handlers.go:302.39,305.6 2 0
github.com/DarkAbhi/life-backend/internal/handlers/handlers.go:306.5,307.26 2 0
github.com/DarkAbhi/life-backend/internal/handlers/handlers.go:307.26,309.6 1 0
github.com/DarkAbhi/life-backend/internal/handlers/handlers.go:311.5,317.103 3 0
github.com/DarkAbhi/life-backend/internal/handlers/handlers.go:317.103,320.6 2 0
github.com/DarkAbhi/life-backend/internal/handlers/handlers.go:321.5,321.42 1 0
github.com/DarkAbhi/life-backend/internal/handlers/handlers.go:324.66,325.37 2 0
github.com/DarkAbhi/life-backend/internal/handlers/handlers.go:325.37,325.47 1 0
github.com/DarkAbhi/life-backend/internal/handlers/handlers.go:327.5,330.19 4 0
github.com/DarkAbhi/life-backend/internal/handlers/handlers.go:330.19,331.42 1 0
github.com/DarkAbhi/life-backend/internal/handlers/handlers.go:331.42,334.10 2 0
github.com/DarkAbhi/life-backend/internal/handlers/handlers.go:335.9,336.15 2 0
github.com/DarkAbhi/life-backend/internal/handlers/handlers.go:338.5,338.37 1 0
github.com/DarkAbhi/life-backend/internal/handlers/handlers.go:341.69,342.37 2 0
github.com/DarkAbhi/life-backend/internal/handlers/handlers.go:342.37,342.47 1 0
github.com/DarkAbhi/life-backend/internal/handlers/handlers.go:344.5,345.62 2 0
github.com/DarkAbhi/life-backend/internal/handlers/handlers.go:345.62,348.6 2 0
github.com/DarkAbhi/life-backend/internal/handlers/handlers.go:351.5,354.77 4 0
github.com/DarkAbhi/life-backend/internal/handlers/handlers.go:354.77,355.42 1 0
github.com/DarkAbhi/life-backend/internal/handlers/handlers.go:355.42,357.10 2 0
github.com/DarkAbhi/life-backend/internal/handlers/handlers.go:358.9,358.36 2 0
github.com/DarkAbhi/life-backend/internal/handlers/handlers.go:361.5,361.22 1 0
github.com/DarkAbhi/life-backend/internal/handlers/handlers.go:361.22,361.43 1 0
github.com/DarkAbhi/life-backend/internal/handlers/handlers.go:362.5,362.26 1 0
github.com/DarkAbhi/life-backend/internal/handlers/handlers.go:362.26,362.53 1 0
github.com/DarkAbhi/life-backend/internal/handlers/handlers.go:364.5,371.110 3 0
github.com/DarkAbhi/life-backend/internal/handlers/handlers.go:371.110,373.6 2 0
github.com/DarkAbhi/life-backend/internal/handlers/handlers.go:374.5,374.37 1 0
github.com/DarkAbhi/life-backend/internal/handlers/handlers.go:377.69,378.37 2 0
github.com/DarkAbhi/life-backend/internal/handlers/handlers.go:378.37,378.47 1 0
github.com/DarkAbhi/life-backend/internal/handlers/handlers.go:380.5,381.19 2 0
github.com/DarkAbhi/life-backend/internal/handlers/handlers.go:381.19,383.6 2 0
github.com/DarkAbhi/life-backend/internal/handlers/handlers.go:384.5,385.15 2 0
github.com/DarkAbhi/life-backend/internal/handlers/handlers.go:385.15,387.6 2 0
github.com/DarkAbhi/life-backend/internal/handlers/handlers.go:388.5,388.40 1 0
github.com/DarkAbhi/life-backend/internal/handlers/health.go:9.63,11.2 1 1
github.com/DarkAbhi/life-backend/internal/handlers/health.go:13.62,16.46 3 1
github.com/DarkAbhi/life-backend/internal/handlers/health.go:16.46,19.3 2 0
github.com/DarkAbhi/life-backend/internal/handlers/health.go:20.2,20.67 1 1
github.com/DarkAbhi/life-backend/internal/handlers/helpers.go:8.58,12.2 3 1
github.com/DarkAbhi/life-backend/internal/handlers/helpers.go:14.52,16.2 1 0
github.com/DarkAbhi/life-backend/internal/handlers/helpers.go:18.52,20.2 1 0
